✅ terraphim_update library tests: ALL PASSED (107/107)

Running integration tests...
INTEGRATION TEST STATUS:
- 0 tests executed (feature flag issue)
- Tests require 'integration-signing' feature (not defined in Cargo.toml)

SIGNATURE TEST STATUS:
- 0 tests executed (feature flag issue)
- Tests require 'integration-signing' feature (not defined in Cargo.toml)


LLM ROUTER TEST STATUS:
- 118 passed, 0 failed, 5 ignored
- All llm_router tests PASSED

RLM TEST STATUS:
- 48 passed, 0 failed, 0 ignored
- All RLM tests PASSED

==========
FINAL SUMMARY
==========

