{
  "version": "1.5.0",
  "plugins_used": [
    {
      "name": "ArtifactoryDetector"
    },
    {
      "name": "AWSKeyDetector"
    },
    {
      "name": "AzureStorageKeyDetector"
    },
    {
      "name": "Base64HighEntropyString",
      "limit": 4.5
    },
    {
      "name": "BasicAuthDetector"
    },
    {
      "name": "CloudantDetector"
    },
    {
      "name": "DiscordBotTokenDetector"
    },
    {
      "name": "GitHubTokenDetector"
    },
    {
      "name": "GitLabTokenDetector"
    },
    {
      "name": "HexHighEntropyString",
      "limit": 3.0
    },
    {
      "name": "IbmCloudIamDetector"
    },
    {
      "name": "IbmCosHmacDetector"
    },
    {
      "name": "IPPublicDetector"
    },
    {
      "name": "JwtTokenDetector"
    },
    {
      "name": "KeywordDetector",
      "keyword_exclude": ""
    },
    {
      "name": "MailchimpDetector"
    },
    {
      "name": "NpmDetector"
    },
    {
      "name": "OpenAIDetector"
    },
    {
      "name": "PrivateKeyDetector"
    },
    {
      "name": "PypiTokenDetector"
    },
    {
      "name": "SendGridDetector"
    },
    {
      "name": "SlackDetector"
    },
    {
      "name": "SoftlayerDetector"
    },
    {
      "name": "SquareOAuthDetector"
    },
    {
      "name": "StripeDetector"
    },
    {
      "name": "TelegramBotTokenDetector"
    },
    {
      "name": "TwilioKeyDetector"
    }
  ],
  "filters_used": [
    {
      "path": "detect_secrets.filters.allowlist.is_line_allowlisted"
    },
    {
      "path": "detect_secrets.filters.common.is_ignored_due_to_verification_policies",
      "min_level": 2
    },
    {
      "path": "detect_secrets.filters.heuristic.is_indirect_reference"
    },
    {
      "path": "detect_secrets.filters.heuristic.is_likely_id_string"
    },
    {
      "path": "detect_secrets.filters.heuristic.is_lock_file"
    },
    {
      "path": "detect_secrets.filters.heuristic.is_not_alphanumeric_string"
    },
    {
      "path": "detect_secrets.filters.heuristic.is_potential_uuid"
    },
    {
      "path": "detect_secrets.filters.heuristic.is_prefixed_with_dollar_sign"
    },
    {
      "path": "detect_secrets.filters.heuristic.is_sequential_string"
    },
    {
      "path": "detect_secrets.filters.heuristic.is_swagger_file"
    },
    {
      "path": "detect_secrets.filters.heuristic.is_templated_secret"
    }
  ],
  "results": {
    ".docs/handover-2026-02-07-openai-oauth.md": [
      {
        "type": "Secret Keyword",
        "filename": ".docs/handover-2026-02-07-openai-oauth.md",
        "hashed_secret": "ec3810e10fb78db55ce38b9c18d1c3eb1db739e0",
        "is_verified": false,
        "line_number": 138
      }
    ],
    ".docs/research-anthropic-endpoint-tests.md": [
      {
        "type": "Secret Keyword",
        "filename": ".docs/research-anthropic-endpoint-tests.md",
        "hashed_secret": "767ef7376d44bb6e52b390ddcd12c1cb1b3902a4",
        "is_verified": false,
        "line_number": 111
      }
    ],
    ".docs/research-intelligent-routing-documentation.md": [
      {
        "type": "Secret Keyword",
        "filename": ".docs/research-intelligent-routing-documentation.md",
        "hashed_secret": "d194c5721feb929057f5108564fb2f6aac71950b",
        "is_verified": false,
        "line_number": 171
      }
    ],
    ".env.clawdbot.live": [
      {
        "type": "Secret Keyword",
        "filename": ".env.clawdbot.live",
        "hashed_secret": "5594912c434fe8be03955b621bf224365da39797",
        "is_verified": false,
        "line_number": 8
      },
      {
        "type": "Secret Keyword",
        "filename": ".env.clawdbot.live",
        "hashed_secret": "1435b3f83df084232c1dba2fb35603a3b8a8e73b",
        "is_verified": false,
        "line_number": 11
      },
      {
        "type": "Secret Keyword",
        "filename": ".env.clawdbot.live",
        "hashed_secret": "ca3c9729f159d7b79bfc1bd20ba0e2c4cadd892e",
        "is_verified": false,
        "line_number": 14
      },
      {
        "type": "Secret Keyword",
        "filename": ".env.clawdbot.live",
        "hashed_secret": "8eee2948502ed0171a5295fe4a6d8a1769dcb810",
        "is_verified": false,
        "line_number": 17
      },
      {
        "type": "Secret Keyword",
        "filename": ".env.clawdbot.live",
        "hashed_secret": "d0914f1655aa7cc9e48a3c286989ee61f0a5c46a",
        "is_verified": false,
        "line_number": 20
      }
    ],
    ".env.clawdbot.template": [
      {
        "type": "Secret Keyword",
        "filename": ".env.clawdbot.template",
        "hashed_secret": "50343a038de3d74a22e4da543f4ed2785f581049",
        "is_verified": false,
        "line_number": 5
      },
      {
        "type": "Secret Keyword",
        "filename": ".env.clawdbot.template",
        "hashed_secret": "5594912c434fe8be03955b621bf224365da39797",
        "is_verified": false,
        "line_number": 8
      },
      {
        "type": "Secret Keyword",
        "filename": ".env.clawdbot.template",
        "hashed_secret": "1435b3f83df084232c1dba2fb35603a3b8a8e73b",
        "is_verified": false,
        "line_number": 11
      },
      {
        "type": "Secret Keyword",
        "filename": ".env.clawdbot.template",
        "hashed_secret": "ca3c9729f159d7b79bfc1bd20ba0e2c4cadd892e",
        "is_verified": false,
        "line_number": 14
      },
      {
        "type": "Secret Keyword",
        "filename": ".env.clawdbot.template",
        "hashed_secret": "8eee2948502ed0171a5295fe4a6d8a1769dcb810",
        "is_verified": false,
        "line_number": 17
      },
      {
        "type": "Secret Keyword",
        "filename": ".env.clawdbot.template",
        "hashed_secret": "d0914f1655aa7cc9e48a3c286989ee61f0a5c46a",
        "is_verified": false,
        "line_number": 20
      }
    ],
    ".env.fastest-test": [
      {
        "type": "Secret Keyword",
        "filename": ".env.fastest-test",
        "hashed_secret": "7207863f939c92d0de29aae7c42ea5722baa8995",
        "is_verified": false,
        "line_number": 1
      },
      {
        "type": "Secret Keyword",
        "filename": ".env.fastest-test",
        "hashed_secret": "5594912c434fe8be03955b621bf224365da39797",
        "is_verified": false,
        "line_number": 2
      },
      {
        "type": "Secret Keyword",
        "filename": ".env.fastest-test",
        "hashed_secret": "e72d587e948a95270e2ef450e58cf456f42a2a0c",
        "is_verified": false,
        "line_number": 3
      },
      {
        "type": "Secret Keyword",
        "filename": ".env.fastest-test",
        "hashed_secret": "ca3c9729f159d7b79bfc1bd20ba0e2c4cadd892e",
        "is_verified": false,
        "line_number": 4
      }
    ],
    ".env.integration": [
      {
        "type": "Secret Keyword",
        "filename": ".env.integration",
        "hashed_secret": "8eee2948502ed0171a5295fe4a6d8a1769dcb810",
        "is_verified": false,
        "line_number": 4
      },
      {
        "type": "Secret Keyword",
        "filename": ".env.integration",
        "hashed_secret": "5594912c434fe8be03955b621bf224365da39797",
        "is_verified": false,
        "line_number": 5
      },
      {
        "type": "Secret Keyword",
        "filename": ".env.integration",
        "hashed_secret": "ddf26c068b31758bb3e8f21a976d8541b516b3f3",
        "is_verified": false,
        "line_number": 6
      },
      {
        "type": "Secret Keyword",
        "filename": ".env.integration",
        "hashed_secret": "ca3c9729f159d7b79bfc1bd20ba0e2c4cadd892e",
        "is_verified": false,
        "line_number": 7
      }
    ],
    ".env.integration.op.template": [
      {
        "type": "Secret Keyword",
        "filename": ".env.integration.op.template",
        "hashed_secret": "8eee2948502ed0171a5295fe4a6d8a1769dcb810",
        "is_verified": false,
        "line_number": 1
      },
      {
        "type": "Secret Keyword",
        "filename": ".env.integration.op.template",
        "hashed_secret": "5594912c434fe8be03955b621bf224365da39797",
        "is_verified": false,
        "line_number": 2
      },
      {
        "type": "Secret Keyword",
        "filename": ".env.integration.op.template",
        "hashed_secret": "ddf26c068b31758bb3e8f21a976d8541b516b3f3",
        "is_verified": false,
        "line_number": 3
      },
      {
        "type": "Secret Keyword",
        "filename": ".env.integration.op.template",
        "hashed_secret": "ca3c9729f159d7b79bfc1bd20ba0e2c4cadd892e",
        "is_verified": false,
        "line_number": 4
      }
    ],
    ".env.op": [
      {
        "type": "Secret Keyword",
        "filename": ".env.op",
        "hashed_secret": "157f50dfd32d3e19b1900f6b5c30ae1fe3d55a46",
        "is_verified": false,
        "line_number": 5
      },
      {
        "type": "Secret Keyword",
        "filename": ".env.op",
        "hashed_secret": "8eee2948502ed0171a5295fe4a6d8a1769dcb810",
        "is_verified": false,
        "line_number": 8
      },
      {
        "type": "Secret Keyword",
        "filename": ".env.op",
        "hashed_secret": "bad7213b335153e8fd345db8cfa13628e95dc1c3",
        "is_verified": false,
        "line_number": 9
      },
      {
        "type": "Secret Keyword",
        "filename": ".env.op",
        "hashed_secret": "ca3c9729f159d7b79bfc1bd20ba0e2c4cadd892e",
        "is_verified": false,
        "line_number": 10
      }
    ],
    ".env.op.template": [
      {
        "type": "Secret Keyword",
        "filename": ".env.op.template",
        "hashed_secret": "8eee2948502ed0171a5295fe4a6d8a1769dcb810",
        "is_verified": false,
        "line_number": 6
      },
      {
        "type": "Secret Keyword",
        "filename": ".env.op.template",
        "hashed_secret": "bad7213b335153e8fd345db8cfa13628e95dc1c3",
        "is_verified": false,
        "line_number": 9
      },
      {
        "type": "Secret Keyword",
        "filename": ".env.op.template",
        "hashed_secret": "ca3c9729f159d7b79bfc1bd20ba0e2c4cadd892e",
        "is_verified": false,
        "line_number": 12
      },
      {
        "type": "Secret Keyword",
        "filename": ".env.op.template",
        "hashed_secret": "5594912c434fe8be03955b621bf224365da39797",
        "is_verified": false,
        "line_number": 15
      },
      {
        "type": "Secret Keyword",
        "filename": ".env.op.template",
        "hashed_secret": "1435b3f83df084232c1dba2fb35603a3b8a8e73b",
        "is_verified": false,
        "line_number": 18
      },
      {
        "type": "Secret Keyword",
        "filename": ".env.op.template",
        "hashed_secret": "d0914f1655aa7cc9e48a3c286989ee61f0a5c46a",
        "is_verified": false,
        "line_number": 21
      },
      {
        "type": "Secret Keyword",
        "filename": ".env.op.template",
        "hashed_secret": "ddf26c068b31758bb3e8f21a976d8541b516b3f3",
        "is_verified": false,
        "line_number": 24
      }
    ],
    ".env.openclaw-test": [
      {
        "type": "Secret Keyword",
        "filename": ".env.openclaw-test",
        "hashed_secret": "157f50dfd32d3e19b1900f6b5c30ae1fe3d55a46",
        "is_verified": false,
        "line_number": 1
      },
      {
        "type": "Secret Keyword",
        "filename": ".env.openclaw-test",
        "hashed_secret": "8eee2948502ed0171a5295fe4a6d8a1769dcb810",
        "is_verified": false,
        "line_number": 2
      },
      {
        "type": "Secret Keyword",
        "filename": ".env.openclaw-test",
        "hashed_secret": "5594912c434fe8be03955b621bf224365da39797",
        "is_verified": false,
        "line_number": 3
      },
      {
        "type": "Secret Keyword",
        "filename": ".env.openclaw-test",
        "hashed_secret": "1435b3f83df084232c1dba2fb35603a3b8a8e73b",
        "is_verified": false,
        "line_number": 4
      },
      {
        "type": "Secret Keyword",
        "filename": ".env.openclaw-test",
        "hashed_secret": "ca3c9729f159d7b79bfc1bd20ba0e2c4cadd892e",
        "is_verified": false,
        "line_number": 5
      }
    ],
    "benches/performance_benchmark.rs": [
      {
        "type": "Secret Keyword",
        "filename": "benches/performance_benchmark.rs",
        "hashed_secret": "00942f4668670f34c5943cf52c7ef3139fe2b8d6",
        "is_verified": false,
        "line_number": 88
      },
      {
        "type": "Secret Keyword",
        "filename": "benches/performance_benchmark.rs",
        "hashed_secret": "a94a8fe5ccb19ba61c4c0873d391e987982fbbd3",
        "is_verified": false,
        "line_number": 108
      },
      {
        "type": "Secret Keyword",
        "filename": "benches/performance_benchmark.rs",
        "hashed_secret": "8ed4322e8e2790b8c928d381ce8d07cfd966e909",
        "is_verified": false,
        "line_number": 115
      }
    ],
    "blog/2026-01-30-openclaw-smart-backup.md": [
      {
        "type": "Secret Keyword",
        "filename": "blog/2026-01-30-openclaw-smart-backup.md",
        "hashed_secret": "71760e5c372c52cd03a31b86404dfccd2c6e145f",
        "is_verified": false,
        "line_number": 209
      },
      {
        "type": "Secret Keyword",
        "filename": "blog/2026-01-30-openclaw-smart-backup.md",
        "hashed_secret": "6d9c68c603e465077bdd49c62347fe54717f83a3",
        "is_verified": false,
        "line_number": 343
      }
    ],
    "build_history.txt": [
      {
        "type": "Secret Keyword",
        "filename": "build_history.txt",
        "hashed_secret": "c0edb31ed41c00eb638ca28e687a8ced32bf0b94",
        "is_verified": false,
        "line_number": 415
      }
    ],
    "claude-code-history.txt": [
      {
        "type": "Secret Keyword",
        "filename": "claude-code-history.txt",
        "hashed_secret": "767ef7376d44bb6e52b390ddcd12c1cb1b3902a4",
        "is_verified": false,
        "line_number": 2386
      },
      {
        "type": "Secret Keyword",
        "filename": "claude-code-history.txt",
        "hashed_secret": "a94a8fe5ccb19ba61c4c0873d391e987982fbbd3",
        "is_verified": false,
        "line_number": 2401
      },
      {
        "type": "Secret Keyword",
        "filename": "claude-code-history.txt",
        "hashed_secret": "5bedf56793099b125cce14cce782edc2a434e8db",
        "is_verified": false,
        "line_number": 2600
      },
      {
        "type": "Secret Keyword",
        "filename": "claude-code-history.txt",
        "hashed_secret": "4ce06af9b66d71cecd306a89750eddb1abb5449f",
        "is_verified": false,
        "line_number": 3356
      },
      {
        "type": "Secret Keyword",
        "filename": "claude-code-history.txt",
        "hashed_secret": "7268ceb21349281e7e64a1c51ca1c49a3e53d716",
        "is_verified": false,
        "line_number": 3357
      },
      {
        "type": "Secret Keyword",
        "filename": "claude-code-history.txt",
        "hashed_secret": "3e09ec74018281b103a10ed533d705ffd65b84d9",
        "is_verified": false,
        "line_number": 3358
      },
      {
        "type": "Secret Keyword",
        "filename": "claude-code-history.txt",
        "hashed_secret": "2aab5490da36d3dd7cfefba43400f689789a7b43",
        "is_verified": false,
        "line_number": 3361
      },
      {
        "type": "Secret Keyword",
        "filename": "claude-code-history.txt",
        "hashed_secret": "b8c1d7cc51c914018d575ad4bb37ab34628ab1af",
        "is_verified": false,
        "line_number": 3362
      },
      {
        "type": "Secret Keyword",
        "filename": "claude-code-history.txt",
        "hashed_secret": "2ab32dae0076ec36e9e5666e2008f6c6915d11e1",
        "is_verified": false,
        "line_number": 3363
      },
      {
        "type": "Secret Keyword",
        "filename": "claude-code-history.txt",
        "hashed_secret": "00942f4668670f34c5943cf52c7ef3139fe2b8d6",
        "is_verified": false,
        "line_number": 4084
      },
      {
        "type": "Secret Keyword",
        "filename": "claude-code-history.txt",
        "hashed_secret": "8ed4322e8e2790b8c928d381ce8d07cfd966e909",
        "is_verified": false,
        "line_number": 4113
      },
      {
        "type": "Secret Keyword",
        "filename": "claude-code-history.txt",
        "hashed_secret": "a922b564c7545b1a5d6c5473533db00dde4b749a",
        "is_verified": false,
        "line_number": 6867
      },
      {
        "type": "Secret Keyword",
        "filename": "claude-code-history.txt",
        "hashed_secret": "9ad19750930e5cf133e024641c00daf5fc90c700",
        "is_verified": false,
        "line_number": 6868
      },
      {
        "type": "Secret Keyword",
        "filename": "claude-code-history.txt",
        "hashed_secret": "ad20aca212dcd076bf2217fdf82954bbeb75421d",
        "is_verified": false,
        "line_number": 6885
      },
      {
        "type": "Secret Keyword",
        "filename": "claude-code-history.txt",
        "hashed_secret": "46ef546b1cd58bdbbaca95f81adb7576f4ac0acd",
        "is_verified": false,
        "line_number": 6996
      },
      {
        "type": "Base64 High Entropy String",
        "filename": "claude-code-history.txt",
        "hashed_secret": "78b975cf7071d8f042a9175926344387d35f0ccc",
        "is_verified": false,
        "line_number": 7108
      },
      {
        "type": "Secret Keyword",
        "filename": "claude-code-history.txt",
        "hashed_secret": "78b975cf7071d8f042a9175926344387d35f0ccc",
        "is_verified": false,
        "line_number": 7108
      }
    ],
    "client.remote.rs": [
      {
        "type": "Secret Keyword",
        "filename": "client.remote.rs",
        "hashed_secret": "00942f4668670f34c5943cf52c7ef3139fe2b8d6",
        "is_verified": false,
        "line_number": 1108
      }
    ],
    "comprehensive-routing-demo.sh": [
      {
        "type": "Secret Keyword",
        "filename": "comprehensive-routing-demo.sh",
        "hashed_secret": "157f50dfd32d3e19b1900f6b5c30ae1fe3d55a46",
        "is_verified": false,
        "line_number": 71
      },
      {
        "type": "Secret Keyword",
        "filename": "comprehensive-routing-demo.sh",
        "hashed_secret": "8ed4322e8e2790b8c928d381ce8d07cfd966e909",
        "is_verified": false,
        "line_number": 121
      }
    ],
    "config.cerebras.localtest.toml": [
      {
        "type": "Secret Keyword",
        "filename": "config.cerebras.localtest.toml",
        "hashed_secret": "fbb2542e32b7fc00d85930f7e90630d045c58f7b",
        "is_verified": false,
        "line_number": 4
      }
    ],
    "config.cheapest.toml": [
      {
        "type": "Secret Keyword",
        "filename": "config.cheapest.toml",
        "hashed_secret": "8ed4322e8e2790b8c928d381ce8d07cfd966e909",
        "is_verified": false,
        "line_number": 99
      }
    ],
    "config.coding-plans.toml": [
      {
        "type": "Secret Keyword",
        "filename": "config.coding-plans.toml",
        "hashed_secret": "979daf153c94e9095d6e4b8ac96f455527621f9c",
        "is_verified": false,
        "line_number": 104
      },
      {
        "type": "Secret Keyword",
        "filename": "config.coding-plans.toml",
        "hashed_secret": "63b38ed75e9e7fbcd2f2c7d2092aa217a38d6f8b",
        "is_verified": false,
        "line_number": 105
      },
      {
        "type": "Secret Keyword",
        "filename": "config.coding-plans.toml",
        "hashed_secret": "419d1e7fa5cd4de8ba354bd0ad3d369ea1d70e15",
        "is_verified": false,
        "line_number": 106
      },
      {
        "type": "Secret Keyword",
        "filename": "config.coding-plans.toml",
        "hashed_secret": "1e1c56733faf297ee03239659ff2d9d6c6913160",
        "is_verified": false,
        "line_number": 107
      }
    ],
    "config.demo.toml": [
      {
        "type": "Secret Keyword",
        "filename": "config.demo.toml",
        "hashed_secret": "3acfb2c2b433c0ea7ff107e33df91b18e52f960f",
        "is_verified": false,
        "line_number": 4
      },
      {
        "type": "Secret Keyword",
        "filename": "config.demo.toml",
        "hashed_secret": "8ed4322e8e2790b8c928d381ce8d07cfd966e909",
        "is_verified": false,
        "line_number": 14
      }
    ],
    "config.e2e.toml": [
      {
        "type": "Secret Keyword",
        "filename": "config.e2e.toml",
        "hashed_secret": "8ed4322e8e2790b8c928d381ce8d07cfd966e909",
        "is_verified": false,
        "line_number": 52
      }
    ],
    "config.example.toml": [
      {
        "type": "Secret Keyword",
        "filename": "config.example.toml",
        "hashed_secret": "8ed4322e8e2790b8c928d381ce8d07cfd966e909",
        "is_verified": false,
        "line_number": 90
      },
      {
        "type": "Secret Keyword",
        "filename": "config.example.toml",
        "hashed_secret": "f682d9bb582f120226c75842f4958d826a6c6633",
        "is_verified": false,
        "line_number": 121
      },
      {
        "type": "Secret Keyword",
        "filename": "config.example.toml",
        "hashed_secret": "0b6ec68df700dec4dcd64babd0eda1edccddace1",
        "is_verified": false,
        "line_number": 134
      },
      {
        "type": "Secret Keyword",
        "filename": "config.example.toml",
        "hashed_secret": "480c95338c252b659b0bfacd7325f73e0b7b8e4d",
        "is_verified": false,
        "line_number": 151
      },
      {
        "type": "Secret Keyword",
        "filename": "config.example.toml",
        "hashed_secret": "4dbd60cf786b3aa8124d20298b832264745f6c9d",
        "is_verified": false,
        "line_number": 173
      },
      {
        "type": "Secret Keyword",
        "filename": "config.example.toml",
        "hashed_secret": "cfa53225b954a686c782c8675cf5378341d52a14",
        "is_verified": false,
        "line_number": 180
      }
    ],
    "config.fastest.toml": [
      {
        "type": "Secret Keyword",
        "filename": "config.fastest.toml",
        "hashed_secret": "8ed4322e8e2790b8c928d381ce8d07cfd966e909",
        "is_verified": false,
        "line_number": 108
      }
    ],
    "config.final.toml": [
      {
        "type": "Secret Keyword",
        "filename": "config.final.toml",
        "hashed_secret": "5594912c434fe8be03955b621bf224365da39797",
        "is_verified": false,
        "line_number": 43
      },
      {
        "type": "Secret Keyword",
        "filename": "config.final.toml",
        "hashed_secret": "1435b3f83df084232c1dba2fb35603a3b8a8e73b",
        "is_verified": false,
        "line_number": 54
      },
      {
        "type": "Secret Keyword",
        "filename": "config.final.toml",
        "hashed_secret": "8eee2948502ed0171a5295fe4a6d8a1769dcb810",
        "is_verified": false,
        "line_number": 64
      },
      {
        "type": "Secret Keyword",
        "filename": "config.final.toml",
        "hashed_secret": "d0914f1655aa7cc9e48a3c286989ee61f0a5c46a",
        "is_verified": false,
        "line_number": 74
      }
    ],
    "config.high-throughput.toml": [
      {
        "type": "Secret Keyword",
        "filename": "config.high-throughput.toml",
        "hashed_secret": "157f50dfd32d3e19b1900f6b5c30ae1fe3d55a46",
        "is_verified": false,
        "line_number": 4
      },
      {
        "type": "Secret Keyword",
        "filename": "config.high-throughput.toml",
        "hashed_secret": "8ed4322e8e2790b8c928d381ce8d07cfd966e909",
        "is_verified": false,
        "line_number": 49
      }
    ],
    "config.integration.toml": [
      {
        "type": "Secret Keyword",
        "filename": "config.integration.toml",
        "hashed_secret": "7437d9d669b4baae462216164653ebb7a9512b12",
        "is_verified": false,
        "line_number": 8
      }
    ],
    "config.lowest-cost.toml": [
      {
        "type": "Secret Keyword",
        "filename": "config.lowest-cost.toml",
        "hashed_secret": "157f50dfd32d3e19b1900f6b5c30ae1fe3d55a46",
        "is_verified": false,
        "line_number": 4
      },
      {
        "type": "Secret Keyword",
        "filename": "config.lowest-cost.toml",
        "hashed_secret": "8ed4322e8e2790b8c928d381ce8d07cfd966e909",
        "is_verified": false,
        "line_number": 54
      }
    ],
    "config.multi-provider.live.toml": [
      {
        "type": "Secret Keyword",
        "filename": "config.multi-provider.live.toml",
        "hashed_secret": "157f50dfd32d3e19b1900f6b5c30ae1fe3d55a46",
        "is_verified": false,
        "line_number": 6
      },
      {
        "type": "Secret Keyword",
        "filename": "config.multi-provider.live.toml",
        "hashed_secret": "8ed4322e8e2790b8c928d381ce8d07cfd966e909",
        "is_verified": false,
        "line_number": 61
      }
    ],
    "config.multi-provider.tmp.toml": [
      {
        "type": "Secret Keyword",
        "filename": "config.multi-provider.tmp.toml",
        "hashed_secret": "157f50dfd32d3e19b1900f6b5c30ae1fe3d55a46",
        "is_verified": false,
        "line_number": 4
      },
      {
        "type": "Secret Keyword",
        "filename": "config.multi-provider.tmp.toml",
        "hashed_secret": "8ed4322e8e2790b8c928d381ce8d07cfd966e909",
        "is_verified": false,
        "line_number": 62
      }
    ],
    "config.multi-provider.toml": [
      {
        "type": "Secret Keyword",
        "filename": "config.multi-provider.toml",
        "hashed_secret": "157f50dfd32d3e19b1900f6b5c30ae1fe3d55a46",
        "is_verified": false,
        "line_number": 6
      },
      {
        "type": "Secret Keyword",
        "filename": "config.multi-provider.toml",
        "hashed_secret": "8ed4322e8e2790b8c928d381ce8d07cfd966e909",
        "is_verified": false,
        "line_number": 56
      }
    ],
    "config.openclaw-test.toml": [
      {
        "type": "Secret Keyword",
        "filename": "config.openclaw-test.toml",
        "hashed_secret": "157f50dfd32d3e19b1900f6b5c30ae1fe3d55a46",
        "is_verified": false,
        "line_number": 7
      }
    ],
    "config.plan_test.toml": [
      {
        "type": "Secret Keyword",
        "filename": "config.plan_test.toml",
        "hashed_secret": "3acfb2c2b433c0ea7ff107e33df91b18e52f960f",
        "is_verified": false,
        "line_number": 16
      }
    ],
    "config.routing-demo.toml": [
      {
        "type": "Secret Keyword",
        "filename": "config.routing-demo.toml",
        "hashed_secret": "157f50dfd32d3e19b1900f6b5c30ae1fe3d55a46",
        "is_verified": false,
        "line_number": 13
      }
    ],
    "config.test.expanded.toml": [
      {
        "type": "Secret Keyword",
        "filename": "config.test.expanded.toml",
        "hashed_secret": "157f50dfd32d3e19b1900f6b5c30ae1fe3d55a46",
        "is_verified": false,
        "line_number": 6
      },
      {
        "type": "Secret Keyword",
        "filename": "config.test.expanded.toml",
        "hashed_secret": "04150d2ee908966ce14298afb49e7c6e44a5d804",
        "is_verified": false,
        "line_number": 43
      }
    ],
    "config.test.live.toml": [
      {
        "type": "Secret Keyword",
        "filename": "config.test.live.toml",
        "hashed_secret": "157f50dfd32d3e19b1900f6b5c30ae1fe3d55a46",
        "is_verified": false,
        "line_number": 6
      },
      {
        "type": "Secret Keyword",
        "filename": "config.test.live.toml",
        "hashed_secret": "04150d2ee908966ce14298afb49e7c6e44a5d804",
        "is_verified": false,
        "line_number": 43
      }
    ],
    "config.test.toml": [
      {
        "type": "Secret Keyword",
        "filename": "config.test.toml",
        "hashed_secret": "157f50dfd32d3e19b1900f6b5c30ae1fe3d55a46",
        "is_verified": false,
        "line_number": 6
      }
    ],
    "config.thinking-fix.toml": [
      {
        "type": "Secret Keyword",
        "filename": "config.thinking-fix.toml",
        "hashed_secret": "5594912c434fe8be03955b621bf224365da39797",
        "is_verified": false,
        "line_number": 43
      },
      {
        "type": "Secret Keyword",
        "filename": "config.thinking-fix.toml",
        "hashed_secret": "1435b3f83df084232c1dba2fb35603a3b8a8e73b",
        "is_verified": false,
        "line_number": 54
      },
      {
        "type": "Secret Keyword",
        "filename": "config.thinking-fix.toml",
        "hashed_secret": "ddf26c068b31758bb3e8f21a976d8541b516b3f3",
        "is_verified": false,
        "line_number": 64
      },
      {
        "type": "Secret Keyword",
        "filename": "config.thinking-fix.toml",
        "hashed_secret": "8eee2948502ed0171a5295fe4a6d8a1769dcb810",
        "is_verified": false,
        "line_number": 71
      },
      {
        "type": "Secret Keyword",
        "filename": "config.thinking-fix.toml",
        "hashed_secret": "d0914f1655aa7cc9e48a3c286989ee61f0a5c46a",
        "is_verified": false,
        "line_number": 81
      }
    ],
    "config.validation.toml": [
      {
        "type": "Secret Keyword",
        "filename": "config.validation.toml",
        "hashed_secret": "0dd59e2f026e9b4b71083d4e88fee5a94cb5e51c",
        "is_verified": false,
        "line_number": 7
      }
    ],
    "config.with-groq.toml": [
      {
        "type": "Secret Keyword",
        "filename": "config.with-groq.toml",
        "hashed_secret": "157f50dfd32d3e19b1900f6b5c30ae1fe3d55a46",
        "is_verified": false,
        "line_number": 4
      },
      {
        "type": "Secret Keyword",
        "filename": "config.with-groq.toml",
        "hashed_secret": "8ed4322e8e2790b8c928d381ce8d07cfd966e909",
        "is_verified": false,
        "line_number": 78
      }
    ],
    "config.working.toml": [
      {
        "type": "Secret Keyword",
        "filename": "config.working.toml",
        "hashed_secret": "157f50dfd32d3e19b1900f6b5c30ae1fe3d55a46",
        "is_verified": false,
        "line_number": 4
      }
    ],
    "config.zai-correct.toml": [
      {
        "type": "Secret Keyword",
        "filename": "config.zai-correct.toml",
        "hashed_secret": "5594912c434fe8be03955b621bf224365da39797",
        "is_verified": false,
        "line_number": 43
      },
      {
        "type": "Secret Keyword",
        "filename": "config.zai-correct.toml",
        "hashed_secret": "1435b3f83df084232c1dba2fb35603a3b8a8e73b",
        "is_verified": false,
        "line_number": 54
      },
      {
        "type": "Secret Keyword",
        "filename": "config.zai-correct.toml",
        "hashed_secret": "ddf26c068b31758bb3e8f21a976d8541b516b3f3",
        "is_verified": false,
        "line_number": 64
      },
      {
        "type": "Secret Keyword",
        "filename": "config.zai-correct.toml",
        "hashed_secret": "8eee2948502ed0171a5295fe4a6d8a1769dcb810",
        "is_verified": false,
        "line_number": 71
      },
      {
        "type": "Secret Keyword",
        "filename": "config.zai-correct.toml",
        "hashed_secret": "d0914f1655aa7cc9e48a3c286989ee61f0a5c46a",
        "is_verified": false,
        "line_number": 81
      }
    ],
    "config.zai.toml": [
      {
        "type": "Secret Keyword",
        "filename": "config.zai.toml",
        "hashed_secret": "5594912c434fe8be03955b621bf224365da39797",
        "is_verified": false,
        "line_number": 43
      },
      {
        "type": "Secret Keyword",
        "filename": "config.zai.toml",
        "hashed_secret": "1435b3f83df084232c1dba2fb35603a3b8a8e73b",
        "is_verified": false,
        "line_number": 54
      },
      {
        "type": "Secret Keyword",
        "filename": "config.zai.toml",
        "hashed_secret": "ddf26c068b31758bb3e8f21a976d8541b516b3f3",
        "is_verified": false,
        "line_number": 64
      },
      {
        "type": "Secret Keyword",
        "filename": "config.zai.toml",
        "hashed_secret": "8eee2948502ed0171a5295fe4a6d8a1769dcb810",
        "is_verified": false,
        "line_number": 71
      },
      {
        "type": "Secret Keyword",
        "filename": "config.zai.toml",
        "hashed_secret": "d0914f1655aa7cc9e48a3c286989ee61f0a5c46a",
        "is_verified": false,
        "line_number": 81
      }
    ],
    "config/examples/openclaw-codex-claude.toml": [
      {
        "type": "Secret Keyword",
        "filename": "config/examples/openclaw-codex-claude.toml",
        "hashed_secret": "7437d9d669b4baae462216164653ebb7a9512b12",
        "is_verified": false,
        "line_number": 16
      }
    ],
    "config_test.toml": [
      {
        "type": "Secret Keyword",
        "filename": "config_test.toml",
        "hashed_secret": "c0edb31ed41c00eb638ca28e687a8ced32bf0b94",
        "is_verified": false,
        "line_number": 7
      },
      {
        "type": "Secret Keyword",
        "filename": "config_test.toml",
        "hashed_secret": "f2388cde4608c9b634459eae363ed76e803e697f",
        "is_verified": false,
        "line_number": 31
      }
    ],
    "docs/CLAUDE_CODE_SETUP.md": [
      {
        "type": "Secret Keyword",
        "filename": "docs/CLAUDE_CODE_SETUP.md",
        "hashed_secret": "3ae46743e6eb9211ceef4e350ea2d992d59d3bb1",
        "is_verified": false,
        "line_number": 32
      },
      {
        "type": "Secret Keyword",
        "filename": "docs/CLAUDE_CODE_SETUP.md",
        "hashed_secret": "d09bf0f98db3a8c5f33ac90bbbf7662f9ee127c5",
        "is_verified": false,
        "line_number": 40
      },
      {
        "type": "Secret Keyword",
        "filename": "docs/CLAUDE_CODE_SETUP.md",
        "hashed_secret": "ca3c9729f159d7b79bfc1bd20ba0e2c4cadd892e",
        "is_verified": false,
        "line_number": 43
      },
      {
        "type": "Secret Keyword",
        "filename": "docs/CLAUDE_CODE_SETUP.md",
        "hashed_secret": "2ab32dae0076ec36e9e5666e2008f6c6915d11e1",
        "is_verified": false,
        "line_number": 44
      },
      {
        "type": "Secret Keyword",
        "filename": "docs/CLAUDE_CODE_SETUP.md",
        "hashed_secret": "8ed4322e8e2790b8c928d381ce8d07cfd966e909",
        "is_verified": false,
        "line_number": 142
      },
      {
        "type": "Secret Keyword",
        "filename": "docs/CLAUDE_CODE_SETUP.md",
        "hashed_secret": "623ef7d850b7d1bf7ecc499cf9c326ea5392040f",
        "is_verified": false,
        "line_number": 166
      },
      {
        "type": "Secret Keyword",
        "filename": "docs/CLAUDE_CODE_SETUP.md",
        "hashed_secret": "bc30daab906344fbf42b3e0e84bd16b0c3b800d3",
        "is_verified": false,
        "line_number": 179
      },
      {
        "type": "Secret Keyword",
        "filename": "docs/CLAUDE_CODE_SETUP.md",
        "hashed_secret": "719db6780f4f497434841c96c56d3847ff6ff340",
        "is_verified": false,
        "line_number": 182
      }
    ],
    "docs/CLI_LOGIN_SETUP.md": [
      {
        "type": "Secret Keyword",
        "filename": "docs/CLI_LOGIN_SETUP.md",
        "hashed_secret": "0d78f223b0cf8efcc3709e059cf1c710d5599292",
        "is_verified": false,
        "line_number": 39
      }
    ],
    "docs/CODING_PLANS.md": [
      {
        "type": "Secret Keyword",
        "filename": "docs/CODING_PLANS.md",
        "hashed_secret": "bb00d5cd8ff7a7b1af73e4896ffde92c35f17a1f",
        "is_verified": false,
        "line_number": 40
      },
      {
        "type": "Secret Keyword",
        "filename": "docs/CODING_PLANS.md",
        "hashed_secret": "979daf153c94e9095d6e4b8ac96f455527621f9c",
        "is_verified": false,
        "line_number": 163
      },
      {
        "type": "Secret Keyword",
        "filename": "docs/CODING_PLANS.md",
        "hashed_secret": "63b38ed75e9e7fbcd2f2c7d2092aa217a38d6f8b",
        "is_verified": false,
        "line_number": 164
      },
      {
        "type": "Secret Keyword",
        "filename": "docs/CODING_PLANS.md",
        "hashed_secret": "419d1e7fa5cd4de8ba354bd0ad3d369ea1d70e15",
        "is_verified": false,
        "line_number": 165
      },
      {
        "type": "Secret Keyword",
        "filename": "docs/CODING_PLANS.md",
        "hashed_secret": "1e1c56733faf297ee03239659ff2d9d6c6913160",
        "is_verified": false,
        "line_number": 166
      }
    ],
    "docs/DEPLOYMENT_GUIDE.md": [
      {
        "type": "Secret Keyword",
        "filename": "docs/DEPLOYMENT_GUIDE.md",
        "hashed_secret": "8ed4322e8e2790b8c928d381ce8d07cfd966e909",
        "is_verified": false,
        "line_number": 135
      },
      {
        "type": "Secret Keyword",
        "filename": "docs/DEPLOYMENT_GUIDE.md",
        "hashed_secret": "52a817a3d39d88a3490a086ada4d9c72adddeee6",
        "is_verified": false,
        "line_number": 415
      }
    ],
    "docs/E2E_TESTING_GUIDE.md": [
      {
        "type": "Base64 High Entropy String",
        "filename": "docs/E2E_TESTING_GUIDE.md",
        "hashed_secret": "591223fff0a5a9a96dd9477c24d4d9e13353d25f",
        "is_verified": false,
        "line_number": 40
      },
      {
        "type": "Secret Keyword",
        "filename": "docs/E2E_TESTING_GUIDE.md",
        "hashed_secret": "591223fff0a5a9a96dd9477c24d4d9e13353d25f",
        "is_verified": false,
        "line_number": 40
      },
      {
        "type": "Secret Keyword",
        "filename": "docs/E2E_TESTING_GUIDE.md",
        "hashed_secret": "8ed4322e8e2790b8c928d381ce8d07cfd966e909",
        "is_verified": false,
        "line_number": 69
      }
    ],
    "docs/E2E_TEST_PLAN.md": [
      {
        "type": "Secret Keyword",
        "filename": "docs/E2E_TEST_PLAN.md",
        "hashed_secret": "a94a8fe5ccb19ba61c4c0873d391e987982fbbd3",
        "is_verified": false,
        "line_number": 80
      },
      {
        "type": "Secret Keyword",
        "filename": "docs/E2E_TEST_PLAN.md",
        "hashed_secret": "52352e085838566bde15c57e16ea7143825dd1d1",
        "is_verified": false,
        "line_number": 268
      }
    ],
    "docs/FEATURES.md": [
      {
        "type": "Secret Keyword",
        "filename": "docs/FEATURES.md",
        "hashed_secret": "4dbd60cf786b3aa8124d20298b832264745f6c9d",
        "is_verified": false,
        "line_number": 282
      },
      {
        "type": "Secret Keyword",
        "filename": "docs/FEATURES.md",
        "hashed_secret": "38abc48c1eb5838519ab0372fbf38f1eb0f3f73c",
        "is_verified": false,
        "line_number": 339
      }
    ],
    "docs/MANAGEMENT_API_GUIDE.md": [
      {
        "type": "Secret Keyword",
        "filename": "docs/MANAGEMENT_API_GUIDE.md",
        "hashed_secret": "29b8dca3de5ff27bcf8bd3b622adf9970f29381c",
        "is_verified": false,
        "line_number": 59
      },
      {
        "type": "Base64 High Entropy String",
        "filename": "docs/MANAGEMENT_API_GUIDE.md",
        "hashed_secret": "bebf06c3d4c5e28b0e84c02fd74cc5560b4584f7",
        "is_verified": false,
        "line_number": 286
      },
      {
        "type": "Secret Keyword",
        "filename": "docs/MANAGEMENT_API_GUIDE.md",
        "hashed_secret": "c7a8c334eef5d1749fface7d42c66f9ae5e8cf36",
        "is_verified": false,
        "line_number": 387
      },
      {
        "type": "Secret Keyword",
        "filename": "docs/MANAGEMENT_API_GUIDE.md",
        "hashed_secret": "4c88c58db1fc87ff3e853ac4e061c3696678ee55",
        "is_verified": false,
        "line_number": 843
      }
    ],
    "docs/MULTI_CLIENT_INTEGRATION.md": [
      {
        "type": "Secret Keyword",
        "filename": "docs/MULTI_CLIENT_INTEGRATION.md",
        "hashed_secret": "d194c5721feb929057f5108564fb2f6aac71950b",
        "is_verified": false,
        "line_number": 288
      },
      {
        "type": "Secret Keyword",
        "filename": "docs/MULTI_CLIENT_INTEGRATION.md",
        "hashed_secret": "a3e14ca24483c78554c083bc907c7194c7846ef1",
        "is_verified": false,
        "line_number": 612
      }
    ],
    "docs/OAUTH_GUIDE.md": [
      {
        "type": "Secret Keyword",
        "filename": "docs/OAUTH_GUIDE.md",
        "hashed_secret": "c303df00cd0a72b21c62900b758b06fc541664ce",
        "is_verified": false,
        "line_number": 83
      },
      {
        "type": "Secret Keyword",
        "filename": "docs/OAUTH_GUIDE.md",
        "hashed_secret": "c5f597c00e35d1e44dfc2b7c34b3213a4e3ee260",
        "is_verified": false,
        "line_number": 90
      },
      {
        "type": "Secret Keyword",
        "filename": "docs/OAUTH_GUIDE.md",
        "hashed_secret": "cf860dddcd83fc49686b4017f04609a8dc5a450d",
        "is_verified": false,
        "line_number": 114
      },
      {
        "type": "Secret Keyword",
        "filename": "docs/OAUTH_GUIDE.md",
        "hashed_secret": "0b6ec68df700dec4dcd64babd0eda1edccddace1",
        "is_verified": false,
        "line_number": 135
      },
      {
        "type": "Secret Keyword",
        "filename": "docs/OAUTH_GUIDE.md",
        "hashed_secret": "02b2b53610fa550ae73c22a28d9426efe5a10957",
        "is_verified": false,
        "line_number": 374
      }
    ],
    "docs/OPENCLAW_BACKUP_GUIDE.md": [
      {
        "type": "Secret Keyword",
        "filename": "docs/OPENCLAW_BACKUP_GUIDE.md",
        "hashed_secret": "6338aa5e88b652fa5d651009b0918e2eebe6bc3e",
        "is_verified": false,
        "line_number": 47
      }
    ],
    "docs/OPENCLAW_CODEX_CLAUDE_INTEGRATION.md": [
      {
        "type": "Secret Keyword",
        "filename": "docs/OPENCLAW_CODEX_CLAUDE_INTEGRATION.md",
        "hashed_secret": "7437d9d669b4baae462216164653ebb7a9512b12",
        "is_verified": false,
        "line_number": 47
      },
      {
        "type": "Secret Keyword",
        "filename": "docs/OPENCLAW_CODEX_CLAUDE_INTEGRATION.md",
        "hashed_secret": "4ce06af9b66d71cecd306a89750eddb1abb5449f",
        "is_verified": false,
        "line_number": 173
      }
    ],
    "docs/ROUTING_ARCHITECTURE.md": [
      {
        "type": "Secret Keyword",
        "filename": "docs/ROUTING_ARCHITECTURE.md",
        "hashed_secret": "33f220dd67f717cc949db63e21c90e130a6137da",
        "is_verified": false,
        "line_number": 829
      },
      {
        "type": "Secret Keyword",
        "filename": "docs/ROUTING_ARCHITECTURE.md",
        "hashed_secret": "8ed4322e8e2790b8c928d381ce8d07cfd966e909",
        "is_verified": false,
        "line_number": 878
      }
    ],
    "docs/archive/README.old.md": [
      {
        "type": "Secret Keyword",
        "filename": "docs/archive/README.old.md",
        "hashed_secret": "2aab5490da36d3dd7cfefba43400f689789a7b43",
        "is_verified": false,
        "line_number": 71
      },
      {
        "type": "Secret Keyword",
        "filename": "docs/archive/README.old.md",
        "hashed_secret": "ca3c9729f159d7b79bfc1bd20ba0e2c4cadd892e",
        "is_verified": false,
        "line_number": 72
      },
      {
        "type": "Secret Keyword",
        "filename": "docs/archive/README.old.md",
        "hashed_secret": "2ab32dae0076ec36e9e5666e2008f6c6915d11e1",
        "is_verified": false,
        "line_number": 73
      },
      {
        "type": "Secret Keyword",
        "filename": "docs/archive/README.old.md",
        "hashed_secret": "4ce06af9b66d71cecd306a89750eddb1abb5449f",
        "is_verified": false,
        "line_number": 158
      }
    ],
    "docs/archive/demos/COMPLETE_DEMONSTRATION.md": [
      {
        "type": "Secret Keyword",
        "filename": "docs/archive/demos/COMPLETE_DEMONSTRATION.md",
        "hashed_secret": "a127c59c5c7f3fd37c66359f84efd1ced3b8a12e",
        "is_verified": false,
        "line_number": 299
      },
      {
        "type": "Secret Keyword",
        "filename": "docs/archive/demos/COMPLETE_DEMONSTRATION.md",
        "hashed_secret": "0b28207e19a127d013ea38eabc42f0ddf2076a47",
        "is_verified": false,
        "line_number": 349
      }
    ],
    "docs/archive/phases/PHASE2_WEEK1_DAY4_E2E_TESTING.md": [
      {
        "type": "Secret Keyword",
        "filename": "docs/archive/phases/PHASE2_WEEK1_DAY4_E2E_TESTING.md",
        "hashed_secret": "157f50dfd32d3e19b1900f6b5c30ae1fe3d55a46",
        "is_verified": false,
        "line_number": 19
      }
    ],
    "docs/archive/reports/SUCCESS_REPORT.md": [
      {
        "type": "Base64 High Entropy String",
        "filename": "docs/archive/reports/SUCCESS_REPORT.md",
        "hashed_secret": "d803645b5f3825d9e59ad2b29333a6b52447f05c",
        "is_verified": false,
        "line_number": 16
      }
    ],
    "docs/archive/reports/VALIDATION_REPORT.md": [
      {
        "type": "Base64 High Entropy String",
        "filename": "docs/archive/reports/VALIDATION_REPORT.md",
        "hashed_secret": "591223fff0a5a9a96dd9477c24d4d9e13353d25f",
        "is_verified": false,
        "line_number": 207
      },
      {
        "type": "Secret Keyword",
        "filename": "docs/archive/reports/VALIDATION_REPORT.md",
        "hashed_secret": "591223fff0a5a9a96dd9477c24d4d9e13353d25f",
        "is_verified": false,
        "line_number": 207
      }
    ],
    "docs/blog/intelligent-routing.md": [
      {
        "type": "Secret Keyword",
        "filename": "docs/blog/intelligent-routing.md",
        "hashed_secret": "1dc86942692772dc0472a92d64eb9acef34cd755",
        "is_verified": false,
        "line_number": 217
      }
    ],
    "docs/blog/openclaw-llm-proxy-multimodel-setup.md": [
      {
        "type": "Secret Keyword",
        "filename": "docs/blog/openclaw-llm-proxy-multimodel-setup.md",
        "hashed_secret": "8a84adffdfb5c1f1bc40b100ed881495b43474de",
        "is_verified": false,
        "line_number": 46
      }
    ],
    "docs/blog/x-openclaw-llm-proxy-multimodel.md": [
      {
        "type": "Secret Keyword",
        "filename": "docs/blog/x-openclaw-llm-proxy-multimodel.md",
        "hashed_secret": "8a84adffdfb5c1f1bc40b100ed881495b43474de",
        "is_verified": false,
        "line_number": 32
      }
    ],
    "examples/basic_demo.rs": [
      {
        "type": "Secret Keyword",
        "filename": "examples/basic_demo.rs",
        "hashed_secret": "4dfad2d5130a5bcaf2716c495de92da13f4389e0",
        "is_verified": false,
        "line_number": 91
      }
    ],
    "examples/routing_demo.rs": [
      {
        "type": "Secret Keyword",
        "filename": "examples/routing_demo.rs",
        "hashed_secret": "4dfad2d5130a5bcaf2716c495de92da13f4389e0",
        "is_verified": false,
        "line_number": 30
      }
    ],
    "examples/simple_routing_demo.rs": [
      {
        "type": "Secret Keyword",
        "filename": "examples/simple_routing_demo.rs",
        "hashed_secret": "3acfb2c2b433c0ea7ff107e33df91b18e52f960f",
        "is_verified": false,
        "line_number": 29
      }
    ],
    "examples/terraphim_intelligent_routing.md": [
      {
        "type": "Secret Keyword",
        "filename": "examples/terraphim_intelligent_routing.md",
        "hashed_secret": "d413f4d18c4c123dd52776f417b792efdec29c6a",
        "is_verified": false,
        "line_number": 202
      },
      {
        "type": "Secret Keyword",
        "filename": "examples/terraphim_intelligent_routing.md",
        "hashed_secret": "a7979904021cdb66cf919115ca138702b6839e10",
        "is_verified": false,
        "line_number": 208
      },
      {
        "type": "Secret Keyword",
        "filename": "examples/terraphim_intelligent_routing.md",
        "hashed_secret": "7268ceb21349281e7e64a1c51ca1c49a3e53d716",
        "is_verified": false,
        "line_number": 214
      },
      {
        "type": "Secret Keyword",
        "filename": "examples/terraphim_intelligent_routing.md",
        "hashed_secret": "b45fc270bb9e9ddf4829b9124321ce244d38668e",
        "is_verified": false,
        "line_number": 220
      }
    ],
    "homebrew/terraphim-llm-proxy.rb": [
      {
        "type": "Secret Keyword",
        "filename": "homebrew/terraphim-llm-proxy.rb",
        "hashed_secret": "3acfb2c2b433c0ea7ff107e33df91b18e52f960f",
        "is_verified": false,
        "line_number": 26
      }
    ],
    "lessons-learned.md": [
      {
        "type": "Secret Keyword",
        "filename": "lessons-learned.md",
        "hashed_secret": "c7a8c334eef5d1749fface7d42c66f9ae5e8cf36",
        "is_verified": false,
        "line_number": 899
      }
    ],
    "llm_proxy_history.txt": [
      {
        "type": "Secret Keyword",
        "filename": "llm_proxy_history.txt",
        "hashed_secret": "157f50dfd32d3e19b1900f6b5c30ae1fe3d55a46",
        "is_verified": false,
        "line_number": 428
      },
      {
        "type": "Hex High Entropy String",
        "filename": "llm_proxy_history.txt",
        "hashed_secret": "c0b17c154ef3e983cccbb4ac9f6fa314d285982a",
        "is_verified": false,
        "line_number": 1931
      },
      {
        "type": "Secret Keyword",
        "filename": "llm_proxy_history.txt",
        "hashed_secret": "dd23ae6105f2f4d1c5679dd5a2d2d516f441d7f4",
        "is_verified": false,
        "line_number": 2694
      },
      {
        "type": "Secret Keyword",
        "filename": "llm_proxy_history.txt",
        "hashed_secret": "04150d2ee908966ce14298afb49e7c6e44a5d804",
        "is_verified": false,
        "line_number": 2720
      },
      {
        "type": "Base64 High Entropy String",
        "filename": "llm_proxy_history.txt",
        "hashed_secret": "7b5364c414bc5a4b2555cf24508ecc71cd914dd5",
        "is_verified": false,
        "line_number": 2744
      },
      {
        "type": "Base64 High Entropy String",
        "filename": "llm_proxy_history.txt",
        "hashed_secret": "d803645b5f3825d9e59ad2b29333a6b52447f05c",
        "is_verified": false,
        "line_number": 3236
      }
    ],
    "marketing/reddit_post.md": [
      {
        "type": "Secret Keyword",
        "filename": "marketing/reddit_post.md",
        "hashed_secret": "61ba747fe2f5b3d513c40550084c6284fbbc1094",
        "is_verified": false,
        "line_number": 101
      }
    ],
    "performance_test_scenarios.sh": [
      {
        "type": "Secret Keyword",
        "filename": "performance_test_scenarios.sh",
        "hashed_secret": "e768aad4969a7496cb8485ea46991403738af921",
        "is_verified": false,
        "line_number": 7
      }
    ],
    "proxy-settings.json": [
      {
        "type": "Secret Keyword",
        "filename": "proxy-settings.json",
        "hashed_secret": "5bedf56793099b125cce14cce782edc2a434e8db",
        "is_verified": false,
        "line_number": 3
      }
    ],
    "scripts/run-enhanced-tests.sh": [
      {
        "type": "Secret Keyword",
        "filename": "scripts/run-enhanced-tests.sh",
        "hashed_secret": "5bedf56793099b125cce14cce782edc2a434e8db",
        "is_verified": false,
        "line_number": 14
      }
    ],
    "scripts/run-phase1-tests.sh": [
      {
        "type": "Secret Keyword",
        "filename": "scripts/run-phase1-tests.sh",
        "hashed_secret": "5bedf56793099b125cce14cce782edc2a434e8db",
        "is_verified": false,
        "line_number": 13
      }
    ],
    "session-ses_3d14.md": [
      {
        "type": "Secret Keyword",
        "filename": "session-ses_3d14.md",
        "hashed_secret": "bb00d5cd8ff7a7b1af73e4896ffde92c35f17a1f",
        "is_verified": false,
        "line_number": 443
      },
      {
        "type": "Secret Keyword",
        "filename": "session-ses_3d14.md",
        "hashed_secret": "979daf153c94e9095d6e4b8ac96f455527621f9c",
        "is_verified": false,
        "line_number": 566
      },
      {
        "type": "Secret Keyword",
        "filename": "session-ses_3d14.md",
        "hashed_secret": "63b38ed75e9e7fbcd2f2c7d2092aa217a38d6f8b",
        "is_verified": false,
        "line_number": 567
      },
      {
        "type": "Secret Keyword",
        "filename": "session-ses_3d14.md",
        "hashed_secret": "419d1e7fa5cd4de8ba354bd0ad3d369ea1d70e15",
        "is_verified": false,
        "line_number": 568
      },
      {
        "type": "Secret Keyword",
        "filename": "session-ses_3d14.md",
        "hashed_secret": "1e1c56733faf297ee03239659ff2d9d6c6913160",
        "is_verified": false,
        "line_number": 569
      },
      {
        "type": "Hex High Entropy String",
        "filename": "session-ses_3d14.md",
        "hashed_secret": "0b5dd98ea57143409bbeaa7260d39b3b0e7424c3",
        "is_verified": false,
        "line_number": 727
      },
      {
        "type": "Base64 High Entropy String",
        "filename": "session-ses_3d14.md",
        "hashed_secret": "3752337707d9648159621e84a35c1fdff2d2996d",
        "is_verified": false,
        "line_number": 1465
      },
      {
        "type": "Secret Keyword",
        "filename": "session-ses_3d14.md",
        "hashed_secret": "04150d2ee908966ce14298afb49e7c6e44a5d804",
        "is_verified": false,
        "line_number": 1492
      },
      {
        "type": "Secret Keyword",
        "filename": "session-ses_3d14.md",
        "hashed_secret": "6a6c8a29a736308e39f7fff18322750cd952b235",
        "is_verified": false,
        "line_number": 2639
      },
      {
        "type": "Hex High Entropy String",
        "filename": "session-ses_3d14.md",
        "hashed_secret": "1e04fbb6c691eeb1200b38a6802e41e059cea8b5",
        "is_verified": false,
        "line_number": 4683
      },
      {
        "type": "Hex High Entropy String",
        "filename": "session-ses_3d14.md",
        "hashed_secret": "25994e02ab74057d75019718954604557cb86d35",
        "is_verified": false,
        "line_number": 4707
      }
    ],
    "src/client.rs": [
      {
        "type": "Secret Keyword",
        "filename": "src/client.rs",
        "hashed_secret": "00942f4668670f34c5943cf52c7ef3139fe2b8d6",
        "is_verified": false,
        "line_number": 1139
      }
    ],
    "src/config.rs": [
      {
        "type": "Secret Keyword",
        "filename": "src/config.rs",
        "hashed_secret": "3acfb2c2b433c0ea7ff107e33df91b18e52f960f",
        "is_verified": false,
        "line_number": 622
      },
      {
        "type": "Secret Keyword",
        "filename": "src/config.rs",
        "hashed_secret": "e9a5f12a8ecbb3eb46eca5096b5c52aa5e7c9fdd",
        "is_verified": false,
        "line_number": 641
      },
      {
        "type": "Secret Keyword",
        "filename": "src/config.rs",
        "hashed_secret": "5c5a15a8b0b3e154d77746945e563ba40100681b",
        "is_verified": false,
        "line_number": 989
      },
      {
        "type": "Secret Keyword",
        "filename": "src/config.rs",
        "hashed_secret": "38abc48c1eb5838519ab0372fbf38f1eb0f3f73c",
        "is_verified": false,
        "line_number": 1026
      }
    ],
    "src/error.rs": [
      {
        "type": "Secret Keyword",
        "filename": "src/error.rs",
        "hashed_secret": "86c15762a17714dcb159472c56cafc354cdc41ba",
        "is_verified": false,
        "line_number": 393
      }
    ],
    "src/groq_client.rs": [
      {
        "type": "Secret Keyword",
        "filename": "src/groq_client.rs",
        "hashed_secret": "00942f4668670f34c5943cf52c7ef3139fe2b8d6",
        "is_verified": false,
        "line_number": 452
      }
    ],
    "src/management/auth.rs": [
      {
        "type": "Secret Keyword",
        "filename": "src/management/auth.rs",
        "hashed_secret": "8ed5c868ae863b3a354970188758d51d44f4d46f",
        "is_verified": false,
        "line_number": 270
      }
    ],
    "src/management/config_manager.rs": [
      {
        "type": "Secret Keyword",
        "filename": "src/management/config_manager.rs",
        "hashed_secret": "3acfb2c2b433c0ea7ff107e33df91b18e52f960f",
        "is_verified": false,
        "line_number": 237
      },
      {
        "type": "Secret Keyword",
        "filename": "src/management/config_manager.rs",
        "hashed_secret": "e9a5f12a8ecbb3eb46eca5096b5c52aa5e7c9fdd",
        "is_verified": false,
        "line_number": 256
      }
    ],
    "src/management/error.rs": [
      {
        "type": "Secret Keyword",
        "filename": "src/management/error.rs",
        "hashed_secret": "0fabe2fed8927eaf34672546539bb6403afbc5a2",
        "is_verified": false,
        "line_number": 71
      }
    ],
    "src/management/handlers.rs": [
      {
        "type": "Secret Keyword",
        "filename": "src/management/handlers.rs",
        "hashed_secret": "99091d046a81493ef2545d8c3cd8e881e8702893",
        "is_verified": false,
        "line_number": 444
      },
      {
        "type": "Secret Keyword",
        "filename": "src/management/handlers.rs",
        "hashed_secret": "71e0a037aef841e4bbf40e20985801944de5550b",
        "is_verified": false,
        "line_number": 463
      }
    ],
    "src/management/routes.rs": [
      {
        "type": "Secret Keyword",
        "filename": "src/management/routes.rs",
        "hashed_secret": "3acfb2c2b433c0ea7ff107e33df91b18e52f960f",
        "is_verified": false,
        "line_number": 126
      },
      {
        "type": "Secret Keyword",
        "filename": "src/management/routes.rs",
        "hashed_secret": "e9a5f12a8ecbb3eb46eca5096b5c52aa5e7c9fdd",
        "is_verified": false,
        "line_number": 145
      }
    ],
    "src/oauth/claude.rs": [
      {
        "type": "Base64 High Entropy String",
        "filename": "src/oauth/claude.rs",
        "hashed_secret": "c0eb1dc5057b4bc59b683c85f34d2f0545e85e46",
        "is_verified": false,
        "line_number": 496
      },
      {
        "type": "Base64 High Entropy String",
        "filename": "src/oauth/claude.rs",
        "hashed_secret": "af61ad46b6cd9e34e683e894976ded4441f2d9aa",
        "is_verified": false,
        "line_number": 514
      }
    ],
    "src/oauth/claude_api_key.rs": [
      {
        "type": "Secret Keyword",
        "filename": "src/oauth/claude_api_key.rs",
        "hashed_secret": "8d146342bafebf5d5046896706dd77562b49e06b",
        "is_verified": false,
        "line_number": 79
      },
      {
        "type": "Secret Keyword",
        "filename": "src/oauth/claude_api_key.rs",
        "hashed_secret": "3b97e07a8c5c17db78211729a1bbfa13d6f80db8",
        "is_verified": false,
        "line_number": 88
      }
    ],
    "src/oauth/codex_importer.rs": [
      {
        "type": "Base64 High Entropy String",
        "filename": "src/oauth/codex_importer.rs",
        "hashed_secret": "54a0ff723d28bacd906b84251e7f60ff5b8d65ca",
        "is_verified": false,
        "line_number": 354
      },
      {
        "type": "JSON Web Token",
        "filename": "src/oauth/codex_importer.rs",
        "hashed_secret": "c2e10270237c5262e2c3f035356b3695905a8400",
        "is_verified": false,
        "line_number": 476
      }
    ],
    "src/oauth/copilot.rs": [
      {
        "type": "Hex High Entropy String",
        "filename": "src/oauth/copilot.rs",
        "hashed_secret": "e9159d76b3cbc4ccffc6d859e84aa11c5f8fc1b6",
        "is_verified": false,
        "line_number": 548
      },
      {
        "type": "GitHub Token",
        "filename": "src/oauth/copilot.rs",
        "hashed_secret": "ba29d6bfac4cd7b866a3d05103c38031a921ba88",
        "is_verified": false,
        "line_number": 589
      }
    ],
    "src/oauth/openai.rs": [
      {
        "type": "Base64 High Entropy String",
        "filename": "src/oauth/openai.rs",
        "hashed_secret": "54a0ff723d28bacd906b84251e7f60ff5b8d65ca",
        "is_verified": false,
        "line_number": 533
      },
      {
        "type": "JSON Web Token",
        "filename": "src/oauth/openai.rs",
        "hashed_secret": "c2e10270237c5262e2c3f035356b3695905a8400",
        "is_verified": false,
        "line_number": 594
      }
    ],
    "src/openrouter_client.rs": [
      {
        "type": "Secret Keyword",
        "filename": "src/openrouter_client.rs",
        "hashed_secret": "00942f4668670f34c5943cf52c7ef3139fe2b8d6",
        "is_verified": false,
        "line_number": 307
      }
    ],
    "src/provider_health.rs": [
      {
        "type": "Secret Keyword",
        "filename": "src/provider_health.rs",
        "hashed_secret": "3acfb2c2b433c0ea7ff107e33df91b18e52f960f",
        "is_verified": false,
        "line_number": 536
      }
    ],
    "src/router.rs": [
      {
        "type": "Secret Keyword",
        "filename": "src/router.rs",
        "hashed_secret": "a94a8fe5ccb19ba61c4c0873d391e987982fbbd3",
        "is_verified": false,
        "line_number": 965
      }
    ],
    "src/routing/strategy.rs": [
      {
        "type": "Secret Keyword",
        "filename": "src/routing/strategy.rs",
        "hashed_secret": "1073ab6cda4b991cd29f9e83a307f34004ae9327",
        "is_verified": false,
        "line_number": 340
      },
      {
        "type": "Secret Keyword",
        "filename": "src/routing/strategy.rs",
        "hashed_secret": "87ba78e0f03afcef60657f342ec5567368fadd8c",
        "is_verified": false,
        "line_number": 347
      },
      {
        "type": "Secret Keyword",
        "filename": "src/routing/strategy.rs",
        "hashed_secret": "3b88ea816c78ec104041a75e78f32ec804eaac39",
        "is_verified": false,
        "line_number": 354
      },
      {
        "type": "Secret Keyword",
        "filename": "src/routing/strategy.rs",
        "hashed_secret": "a62f2225bf70bfaccbc7f1ef2a397836717377de",
        "is_verified": false,
        "line_number": 622
      }
    ],
    "src/server.rs": [
      {
        "type": "Secret Keyword",
        "filename": "src/server.rs",
        "hashed_secret": "767ef7376d44bb6e52b390ddcd12c1cb1b3902a4",
        "is_verified": false,
        "line_number": 2871
      },
      {
        "type": "Secret Keyword",
        "filename": "src/server.rs",
        "hashed_secret": "a94a8fe5ccb19ba61c4c0873d391e987982fbbd3",
        "is_verified": false,
        "line_number": 2890
      }
    ],
    "src/test_streaming.rs": [
      {
        "type": "Secret Keyword",
        "filename": "src/test_streaming.rs",
        "hashed_secret": "8ed4322e8e2790b8c928d381ce8d07cfd966e909",
        "is_verified": false,
        "line_number": 50
      }
    ],
    "src/webhooks/mod.rs": [
      {
        "type": "Secret Keyword",
        "filename": "src/webhooks/mod.rs",
        "hashed_secret": "5c5a15a8b0b3e154d77746945e563ba40100681b",
        "is_verified": false,
        "line_number": 14
      },
      {
        "type": "Secret Keyword",
        "filename": "src/webhooks/mod.rs",
        "hashed_secret": "fe1bae27cb7c1fb823f496f286e78f1d2ae87734",
        "is_verified": false,
        "line_number": 363
      }
    ],
    "start_proxy_verbose_debug.sh": [
      {
        "type": "Secret Keyword",
        "filename": "start_proxy_verbose_debug.sh",
        "hashed_secret": "1dafaa05e8fd7185ab2eec6050a84875e77b3ee0",
        "is_verified": false,
        "line_number": 10
      },
      {
        "type": "Secret Keyword",
        "filename": "start_proxy_verbose_debug.sh",
        "hashed_secret": "92b308d2a9eab54851ff230adeee2c56370f216b",
        "is_verified": false,
        "line_number": 11
      }
    ],
    "start_proxy_with_keys.sh": [
      {
        "type": "Secret Keyword",
        "filename": "start_proxy_with_keys.sh",
        "hashed_secret": "1dafaa05e8fd7185ab2eec6050a84875e77b3ee0",
        "is_verified": false,
        "line_number": 10
      },
      {
        "type": "Secret Keyword",
        "filename": "start_proxy_with_keys.sh",
        "hashed_secret": "92b308d2a9eab54851ff230adeee2c56370f216b",
        "is_verified": false,
        "line_number": 11
      }
    ],
    "test-intelligent-routing.sh": [
      {
        "type": "Secret Keyword",
        "filename": "test-intelligent-routing.sh",
        "hashed_secret": "157f50dfd32d3e19b1900f6b5c30ae1fe3d55a46",
        "is_verified": false,
        "line_number": 26
      },
      {
        "type": "Secret Keyword",
        "filename": "test-intelligent-routing.sh",
        "hashed_secret": "8ed4322e8e2790b8c928d381ce8d07cfd966e909",
        "is_verified": false,
        "line_number": 84
      }
    ],
    "test_ollama.rs": [
      {
        "type": "Secret Keyword",
        "filename": "test_ollama.rs",
        "hashed_secret": "8ed4322e8e2790b8c928d381ce8d07cfd966e909",
        "is_verified": false,
        "line_number": 14
      }
    ],
    "test_routing_scenarios.sh": [
      {
        "type": "Secret Keyword",
        "filename": "test_routing_scenarios.sh",
        "hashed_secret": "e768aad4969a7496cb8485ea46991403738af921",
        "is_verified": false,
        "line_number": 7
      }
    ],
    "tests/anthropic_endpoint_tests.rs": [
      {
        "type": "Secret Keyword",
        "filename": "tests/anthropic_endpoint_tests.rs",
        "hashed_secret": "767ef7376d44bb6e52b390ddcd12c1cb1b3902a4",
        "is_verified": false,
        "line_number": 30
      },
      {
        "type": "Secret Keyword",
        "filename": "tests/anthropic_endpoint_tests.rs",
        "hashed_secret": "00942f4668670f34c5943cf52c7ef3139fe2b8d6",
        "is_verified": false,
        "line_number": 50
      }
    ],
    "tests/claude_oauth_integration_tests.rs": [
      {
        "type": "Secret Keyword",
        "filename": "tests/claude_oauth_integration_tests.rs",
        "hashed_secret": "2e7a7ee14caebf378fc32d6cf6f557f347c96773",
        "is_verified": false,
        "line_number": 26
      },
      {
        "type": "Secret Keyword",
        "filename": "tests/claude_oauth_integration_tests.rs",
        "hashed_secret": "5083ae1be1792307eb6e189231a8c76b0eabf6ff",
        "is_verified": false,
        "line_number": 45
      }
    ],
    "tests/cost_prioritization_test.rs.disabled": [
      {
        "type": "Secret Keyword",
        "filename": "tests/cost_prioritization_test.rs.disabled",
        "hashed_secret": "00942f4668670f34c5943cf52c7ef3139fe2b8d6",
        "is_verified": false,
        "line_number": 25
      }
    ],
    "tests/four_scenario_integration_tests.rs": [
      {
        "type": "Secret Keyword",
        "filename": "tests/four_scenario_integration_tests.rs",
        "hashed_secret": "767ef7376d44bb6e52b390ddcd12c1cb1b3902a4",
        "is_verified": false,
        "line_number": 101
      },
      {
        "type": "Secret Keyword",
        "filename": "tests/four_scenario_integration_tests.rs",
        "hashed_secret": "00942f4668670f34c5943cf52c7ef3139fe2b8d6",
        "is_verified": false,
        "line_number": 120
      }
    ],
    "tests/integration_test.rs": [
      {
        "type": "Secret Keyword",
        "filename": "tests/integration_test.rs",
        "hashed_secret": "62704274052d65e6962525f08d5a18eb8fb18b88",
        "is_verified": false,
        "line_number": 26
      },
      {
        "type": "Secret Keyword",
        "filename": "tests/integration_test.rs",
        "hashed_secret": "a94a8fe5ccb19ba61c4c0873d391e987982fbbd3",
        "is_verified": false,
        "line_number": 45
      }
    ],
    "tests/intelligent_routing_integration_tests.rs": [
      {
        "type": "Secret Keyword",
        "filename": "tests/intelligent_routing_integration_tests.rs",
        "hashed_secret": "767ef7376d44bb6e52b390ddcd12c1cb1b3902a4",
        "is_verified": false,
        "line_number": 67
      },
      {
        "type": "Secret Keyword",
        "filename": "tests/intelligent_routing_integration_tests.rs",
        "hashed_secret": "00942f4668670f34c5943cf52c7ef3139fe2b8d6",
        "is_verified": false,
        "line_number": 87
      }
    ],
    "tests/model_mapping_integration_tests.rs": [
      {
        "type": "Secret Keyword",
        "filename": "tests/model_mapping_integration_tests.rs",
        "hashed_secret": "767ef7376d44bb6e52b390ddcd12c1cb1b3902a4",
        "is_verified": false,
        "line_number": 24
      },
      {
        "type": "Secret Keyword",
        "filename": "tests/model_mapping_integration_tests.rs",
        "hashed_secret": "a94a8fe5ccb19ba61c4c0873d391e987982fbbd3",
        "is_verified": false,
        "line_number": 56
      }
    ],
    "tests/performance_testing_test.rs.disabled": [
      {
        "type": "Secret Keyword",
        "filename": "tests/performance_testing_test.rs.disabled",
        "hashed_secret": "00942f4668670f34c5943cf52c7ef3139fe2b8d6",
        "is_verified": false,
        "line_number": 28
      },
      {
        "type": "Secret Keyword",
        "filename": "tests/performance_testing_test.rs.disabled",
        "hashed_secret": "81f344a7686a80b4c5293e8fdc0b0160c82c06a8",
        "is_verified": false,
        "line_number": 502
      }
    ],
    "tests/rolegraph_routing_integration_tests.rs": [
      {
        "type": "Secret Keyword",
        "filename": "tests/rolegraph_routing_integration_tests.rs",
        "hashed_secret": "c668373c3d4c9864c15db75a8f67b445eed3c2d5",
        "is_verified": false,
        "line_number": 139
      },
      {
        "type": "Secret Keyword",
        "filename": "tests/rolegraph_routing_integration_tests.rs",
        "hashed_secret": "00942f4668670f34c5943cf52c7ef3139fe2b8d6",
        "is_verified": false,
        "line_number": 159
      }
    ],
    "tests/server_integration_tests.rs": [
      {
        "type": "Secret Keyword",
        "filename": "tests/server_integration_tests.rs",
        "hashed_secret": "392ce8d8344cd8e1dad5ef7a9fa3eb8fc44dfe4b",
        "is_verified": false,
        "line_number": 29
      },
      {
        "type": "Secret Keyword",
        "filename": "tests/server_integration_tests.rs",
        "hashed_secret": "a94a8fe5ccb19ba61c4c0873d391e987982fbbd3",
        "is_verified": false,
        "line_number": 63
      },
      {
        "type": "Secret Keyword",
        "filename": "tests/server_integration_tests.rs",
        "hashed_secret": "b29afec9b339eeeceb2a15162c03626764b26303",
        "is_verified": false,
        "line_number": 128
      },
      {
        "type": "Secret Keyword",
        "filename": "tests/server_integration_tests.rs",
        "hashed_secret": "2f78e510fac2938259e2603029c0b770715f9789",
        "is_verified": false,
        "line_number": 135
      }
    ]
  },
  "generated_at": "2026-02-15T15:02:20Z"
}
